../Core/Src/main.c:122:6:MPU6050_Init	32	static
../Core/Src/main.c:153:6:MPU6050_Read_Accel	32	static
../Core/Src/main.c:172:6:MPU6050_Read_Gyro	32	static
../Core/Src/main.c:191:8:Kalman_getAngle	88	static
../Core/Src/main.c:223:6:MPU6050_Read_All	88	static
../Core/Src/main.c:301:5:main	16	static
../Core/Src/main.c:384:6:SystemClock_Config	72	static
../Core/Src/main.c:424:13:MX_I2C2_Init	8	static
../Core/Src/main.c:458:13:MX_GPIO_Init	48	static
../Core/Src/main.c:492:13:MX_FSMC_Init	40	static
../Core/Src/main.c:556:6:Error_Handler	4	static,ignoring_inline_asm
