../Core/Src/main.c:131:6:MPU6050_Init	32	static
../Core/Src/main.c:162:6:MPU6050_Read_Accel	32	static
../Core/Src/main.c:181:6:MPU6050_Read_Gyro	32	static
../Core/Src/main.c:200:6:MPU6050_ReadAccelError	40	static
../Core/Src/main.c:233:6:MPU6050_ReadGryoError	40	static
../Core/Src/main.c:268:8:Kalman_getAngle	88	static
../Core/Src/main.c:300:6:MPU6050_Read_All	96	static
../Core/Src/main.c:384:5:main	16	static
../Core/Src/main.c:467:6:SystemClock_Config	72	static
../Core/Src/main.c:507:13:MX_I2C2_Init	8	static
../Core/Src/main.c:541:13:MX_GPIO_Init	48	static
../Core/Src/main.c:575:13:MX_FSMC_Init	40	static
../Core/Src/main.c:639:6:Error_Handler	4	static,ignoring_inline_asm
